Globals
  int
  InitVarIntro
    "global"
    Call
      "foo"
Function
  int
  "foo"
  Formal
    int
    "num"
  Formal
    boolean
    "hah"
  Block
    Empty
    Print
      Call
        "test"
        Id("blah")
        Id("blah")
        Id("blah")
    Return
      Call
        "foo"
        Id("num")
