Globals
  int
  InitVarIntro
    "count"
    IntLit(0)
  InitVarIntro
    "z"
    Id("q")
  VarIntro
    "f"
  VarIntro
    "f"
Function
  int
  "fact"
  Formal
    int
    "n"
  Formal
    boolean
    "y"
  Block
    ExprStmt
      Assign
        "count"
        Add
          Id("count")
          IntLit(1)
    If
      Lt
        Id("n")
        IntLit(1)
      Return
        IntLit(1)
      Return
        Mul
          Id("n")
          Call
            "fact"
            Sub
              Id("n")
              IntLit(1)
            Id("z")
Globals
  int
  InitVarIntro
    "x"
    Id("y")
Globals
  int
  InitVarIntro
    "y"
    IntLit(1)
Function
  void
  "main"
  Formal
    boolean
    "f"
  Formal
    boolean
    "z"
  Formal
    int
    "y"
  Block
    Print
      Call
        "fact"
        IntLit(7)
        IntLit(3)
    Print
      Call
        "fact"
        Id("x")
        IntLit(6)
        Id("r")
        Id("parsingIsFun")
    Print
      Call
        "fact"
        Id("count")
        Id("isItThough")
