Function
  int
  "main"
  Block
    If
      Neq
        Call
          "factorial"
          IntLit(4)
        IntLit(24)
      Block
        Return
          IntLit(1)
      Block
        Return
          IntLit(0)
Function
  int
  "factorial"
  Formal
    int
    "n"
  Block
    If
      LOr
        Eql
          Id("n")
          IntLit(0)
        Eql
          Id("n")
          IntLit(1)
      Block
        Return
          IntLit(1)
    [no else branch]
    Return
      Mul
        Id("n")
        Call
          "factorial"
          Sub
            Id("n")
            IntLit(1)
Function
  int
  "binomial"
  Formal
    int
    "n"
  Formal
    int
    "j"
  Block
    Return
      Div
        Call
          "factorial"
          Id("n")
        Mul
          Call
            "factorial"
            Id("j")
          Call
            "factorial"
            Sub
              Id("n")
              Id("j")
